layer at (0,0) size 800x600
  RenderView at (0,0) size 800x600
layer at (0,0) size 800x8
  RenderBlock {HTML} at (0,0) size 800x8
    RenderBody {BODY} at (8,8) size 784x0
layer at (7,32) size 192x23
  RenderTextControl {INPUT} at (7,32) size 192x23
layer at (9,34) size 188x19
  RenderBlock {DIV} at (2,2) size 188x19
layer at (7,82) size 34x31
  RenderButton {INPUT} at (7,82) size 34x31 [bgcolor=#C0C0C0]
    RenderBlock (anonymous) at (6,6) size 22x19
      RenderText at (0,0) size 22x19
        text run at (0,0) width 22: "text"
layer at (7,132) size 49x24
  RenderMenuList {SELECT} at (7,132) size 49x24 [bgcolor=#FFFFFF]
    RenderBlock (anonymous) at (4,2) size 21x20
      RenderText at (0,0) size 21x19
        text run at (0,0) width 21: "test"
layer at (7,182) size 199x42
  RenderTextControl {TEXTAREA} at (7,182) size 199x42
    RenderBlock {DIV} at (2,2) size 195x19
