layer at (0,0) size 800x600
  RenderView at (0,0) size 800x600
layer at (0,0) size 800x600
  RenderBlock {HTML} at (0,0) size 800x600
    RenderBody {BODY} at (8,8) size 784x576
      RenderBlock {P} at (0,0) size 784x36
        RenderText {#text} at (0,0) size 784x36
          text run at (0,0) width 784: "Results that match WinIE are two columns on the right that say \"after\" every time, except for the last row which should have"
          text run at (0,18) width 158: "nothing in either column."
      RenderBlock {P} at (0,52) size 784x18
        RenderText {#text} at (0,0) size 713x18
          text run at (0,0) width 713: "Results that match Gecko are like WinIE, but with \"before\" for the attribute in the first two rows and the last row."
      RenderBlock {HR} at (0,86) size 784x2 [border: (1px inset #000000)]
      RenderBlock {FORM} at (0,96) size 784x338
        RenderTable {TABLE} at (0,0) size 761x338
          RenderTableSection {THEAD} at (0,0) size 761x24
            RenderTableRow {TR} at (0,2) size 761x20
              RenderTableCell {TH} at (2,2) size 385x20 [r=0 c=0 rs=1 cs=1]
                RenderText {#text} at (1,1) size 55x18
                  text run at (1,1) width 55: "test case"
              RenderTableCell {TH} at (389,2) size 243x20 [r=0 c=1 rs=1 cs=1]
                RenderText {#text} at (1,1) size 89x18
                  text run at (1,1) width 89: "form element"
              RenderTableCell {TH} at (634,2) size 62x20 [r=0 c=2 rs=1 cs=1]
                RenderText {#text} at (1,1) size 60x18
                  text run at (1,1) width 60: "property"
              RenderTableCell {TH} at (698,2) size 61x20 [r=0 c=3 rs=1 cs=1]
                RenderText {#text} at (1,1) size 59x18
                  text run at (1,1) width 59: "attribute"
          RenderTableSection {TBODY} at (0,24) size 761x314
            RenderTableRow {TR} at (0,0) size 761x23
              RenderTableCell {TD} at (2,1) size 385x20 [r=0 c=0 rs=1 cs=1]
                RenderText {#text} at (1,1) size 207x18
                  text run at (1,1) width 207: "text with value property changed"
              RenderTableCell {TD} at (389,-1) size 243x25 [r=0 c=1 rs=1 cs=1]
                RenderTextControl {INPUT} at (3,3) size 146x19 [bgcolor=#FFFFFF] [border: (2px inset #000000)]
              RenderTableCell {TD} at (634,1) size 62x20 [r=0 c=2 rs=1 cs=1]
                RenderText {#text} at (1,1) size 28x18
                  text run at (1,1) width 28: "after"
              RenderTableCell {TD} at (698,1) size 61x20 [r=0 c=3 rs=1 cs=1]
                RenderText {#text} at (1,1) size 40x18
                  text run at (1,1) width 40: "before"
            RenderTableRow {TR} at (0,25) size 761x23
              RenderTableCell {TD} at (2,26) size 385x20 [r=1 c=0 rs=1 cs=1]
                RenderText {#text} at (1,1) size 244x18
                  text run at (1,1) width 244: "password with value property changed"
              RenderTableCell {TD} at (389,24) size 243x25 [r=1 c=1 rs=1 cs=1]
                RenderTextControl {INPUT} at (3,3) size 146x19 [bgcolor=#FFFFFF] [border: (2px inset #000000)]
              RenderTableCell {TD} at (634,26) size 62x20 [r=1 c=2 rs=1 cs=1]
                RenderText {#text} at (1,1) size 28x18
                  text run at (1,1) width 28: "after"
              RenderTableCell {TD} at (698,26) size 61x20 [r=1 c=3 rs=1 cs=1]
                RenderText {#text} at (1,1) size 40x18
                  text run at (1,1) width 40: "before"
            RenderTableRow {TR} at (0,50) size 761x18
              RenderTableCell {TD} at (2,49) size 385x20 [r=2 c=0 rs=1 cs=1]
                RenderText {#text} at (1,1) size 249x18
                  text run at (1,1) width 249: "check box with value property changed"
              RenderTableCell {TD} at (389,49) size 243x20 [r=2 c=1 rs=1 cs=1]
                RenderBlock {INPUT} at (3,4) size 12x12
              RenderTableCell {TD} at (634,49) size 62x20 [r=2 c=2 rs=1 cs=1]
                RenderText {#text} at (1,1) size 28x18
                  text run at (1,1) width 28: "after"
              RenderTableCell {TD} at (698,49) size 61x20 [r=2 c=3 rs=1 cs=1]
                RenderText {#text} at (1,1) size 28x18
                  text run at (1,1) width 28: "after"
            RenderTableRow {TR} at (0,70) size 761x18
              RenderTableCell {TD} at (2,69) size 385x20 [r=3 c=0 rs=1 cs=1]
                RenderText {#text} at (1,1) size 227x18
                  text run at (1,1) width 227: "hidden with value property changed"
              RenderTableCell {TD} at (389,78) size 243x2 [r=3 c=1 rs=1 cs=1]
              RenderTableCell {TD} at (634,69) size 62x20 [r=3 c=2 rs=1 cs=1]
                RenderText {#text} at (1,1) size 28x18
                  text run at (1,1) width 28: "after"
              RenderTableCell {TD} at (698,69) size 61x20 [r=3 c=3 rs=1 cs=1]
                RenderText {#text} at (1,1) size 28x18
                  text run at (1,1) width 28: "after"
            RenderTableRow {TR} at (0,90) size 761x22
              RenderTableCell {TD} at (2,91) size 385x20 [r=4 c=0 rs=1 cs=1]
                RenderText {#text} at (1,1) size 224x18
                  text run at (1,1) width 224: "button with value property changed"
              RenderTableCell {TD} at (389,89) size 243x24 [r=4 c=1 rs=1 cs=1]
                RenderButton {INPUT} at (3,3) size 41x18 [bgcolor=#C0C0C0]
                  RenderBlock (anonymous) at (8,2) size 25x13
                    RenderText at (0,0) size 25x13
                      text run at (0,0) width 25: "after"
              RenderTableCell {TD} at (634,91) size 62x20 [r=4 c=2 rs=1 cs=1]
                RenderText {#text} at (1,1) size 28x18
                  text run at (1,1) width 28: "after"
              RenderTableCell {TD} at (698,91) size 61x20 [r=4 c=3 rs=1 cs=1]
                RenderText {#text} at (1,1) size 28x18
                  text run at (1,1) width 28: "after"
            RenderTableRow {TR} at (0,114) size 761x18
              RenderTableCell {TD} at (2,113) size 385x20 [r=5 c=0 rs=1 cs=1]
                RenderText {#text} at (1,1) size 222x18
                  text run at (1,1) width 222: "image with value property changed"
              RenderTableCell {TD} at (389,114) size 243x19 [r=5 c=1 rs=1 cs=1]
                RenderImage {INPUT} at (1,1) size 39x17
              RenderTableCell {TD} at (634,113) size 62x20 [r=5 c=2 rs=1 cs=1]
                RenderText {#text} at (1,1) size 28x18
                  text run at (1,1) width 28: "after"
              RenderTableCell {TD} at (698,113) size 61x20 [r=5 c=3 rs=1 cs=1]
                RenderText {#text} at (1,1) size 28x18
                  text run at (1,1) width 28: "after"
            RenderTableRow {TR} at (0,134) size 761x19
              RenderTableCell {TD} at (2,134) size 385x20 [r=6 c=0 rs=1 cs=1]
                RenderText {#text} at (1,1) size 216x18
                  text run at (1,1) width 216: "radio with value property changed"
              RenderTableCell {TD} at (389,133) size 243x21 [r=6 c=1 rs=1 cs=1]
                RenderBlock {INPUT} at (3,4) size 12x13
              RenderTableCell {TD} at (634,134) size 62x20 [r=6 c=2 rs=1 cs=1]
                RenderText {#text} at (1,1) size 28x18
                  text run at (1,1) width 28: "after"
              RenderTableCell {TD} at (698,134) size 61x20 [r=6 c=3 rs=1 cs=1]
                RenderText {#text} at (1,1) size 28x18
                  text run at (1,1) width 28: "after"
            RenderTableRow {TR} at (0,155) size 761x23
              RenderTableCell {TD} at (2,156) size 385x20 [r=7 c=0 rs=1 cs=1]
                RenderText {#text} at (1,1) size 205x18
                  text run at (1,1) width 205: "text with value attribute changed"
              RenderTableCell {TD} at (389,154) size 243x25 [r=7 c=1 rs=1 cs=1]
                RenderTextControl {INPUT} at (3,3) size 146x19 [bgcolor=#FFFFFF] [border: (2px inset #000000)]
              RenderTableCell {TD} at (634,156) size 62x20 [r=7 c=2 rs=1 cs=1]
                RenderText {#text} at (1,1) size 28x18
                  text run at (1,1) width 28: "after"
              RenderTableCell {TD} at (698,156) size 61x20 [r=7 c=3 rs=1 cs=1]
                RenderText {#text} at (1,1) size 28x18
                  text run at (1,1) width 28: "after"
            RenderTableRow {TR} at (0,180) size 761x18
              RenderTableCell {TD} at (2,179) size 385x20 [r=8 c=0 rs=1 cs=1]
                RenderText {#text} at (1,1) size 247x18
                  text run at (1,1) width 247: "check box with value attribute changed"
              RenderTableCell {TD} at (389,179) size 243x20 [r=8 c=1 rs=1 cs=1]
                RenderBlock {INPUT} at (3,4) size 12x12
              RenderTableCell {TD} at (634,179) size 62x20 [r=8 c=2 rs=1 cs=1]
                RenderText {#text} at (1,1) size 28x18
                  text run at (1,1) width 28: "after"
              RenderTableCell {TD} at (698,179) size 61x20 [r=8 c=3 rs=1 cs=1]
                RenderText {#text} at (1,1) size 28x18
                  text run at (1,1) width 28: "after"
            RenderTableRow {TR} at (0,200) size 761x18
              RenderTableCell {TD} at (2,199) size 385x20 [r=9 c=0 rs=1 cs=1]
                RenderText {#text} at (1,1) size 383x18
                  text run at (1,1) width 383: "text with value property changed, then turned into check box"
              RenderTableCell {TD} at (389,199) size 243x20 [r=9 c=1 rs=1 cs=1]
                RenderBlock {INPUT} at (3,4) size 12x12
              RenderTableCell {TD} at (634,199) size 62x20 [r=9 c=2 rs=1 cs=1]
                RenderText {#text} at (1,1) size 28x18
                  text run at (1,1) width 28: "after"
              RenderTableCell {TD} at (698,199) size 61x20 [r=9 c=3 rs=1 cs=1]
                RenderText {#text} at (1,1) size 28x18
                  text run at (1,1) width 28: "after"
            RenderTableRow {TR} at (0,220) size 761x23
              RenderTableCell {TD} at (2,221) size 385x20 [r=10 c=0 rs=1 cs=1]
                RenderText {#text} at (1,1) size 383x18
                  text run at (1,1) width 383: "check box with value property changed, then turned into text"
              RenderTableCell {TD} at (389,219) size 243x25 [r=10 c=1 rs=1 cs=1]
                RenderTextControl {INPUT} at (3,3) size 146x19 [bgcolor=#FFFFFF] [border: (2px inset #000000)]
              RenderTableCell {TD} at (634,221) size 62x20 [r=10 c=2 rs=1 cs=1]
                RenderText {#text} at (1,1) size 28x18
                  text run at (1,1) width 28: "after"
              RenderTableCell {TD} at (698,221) size 61x20 [r=10 c=3 rs=1 cs=1]
                RenderText {#text} at (1,1) size 28x18
                  text run at (1,1) width 28: "after"
            RenderTableRow {TR} at (0,245) size 761x18
              RenderTableCell {TD} at (2,244) size 385x20 [r=11 c=0 rs=1 cs=1]
                RenderText {#text} at (1,1) size 381x18
                  text run at (1,1) width 381: "text with value attribute changed, then turned into check box"
              RenderTableCell {TD} at (389,244) size 243x20 [r=11 c=1 rs=1 cs=1]
                RenderBlock {INPUT} at (3,4) size 12x12
              RenderTableCell {TD} at (634,244) size 62x20 [r=11 c=2 rs=1 cs=1]
                RenderText {#text} at (1,1) size 28x18
                  text run at (1,1) width 28: "after"
              RenderTableCell {TD} at (698,244) size 61x20 [r=11 c=3 rs=1 cs=1]
                RenderText {#text} at (1,1) size 28x18
                  text run at (1,1) width 28: "after"
            RenderTableRow {TR} at (0,265) size 761x23
              RenderTableCell {TD} at (2,266) size 385x20 [r=12 c=0 rs=1 cs=1]
                RenderText {#text} at (1,1) size 381x18
                  text run at (1,1) width 381: "check box with value attribute changed, then turned into text"
              RenderTableCell {TD} at (389,264) size 243x25 [r=12 c=1 rs=1 cs=1]
                RenderTextControl {INPUT} at (3,3) size 146x19 [bgcolor=#FFFFFF] [border: (2px inset #000000)]
              RenderTableCell {TD} at (634,266) size 62x20 [r=12 c=2 rs=1 cs=1]
                RenderText {#text} at (1,1) size 28x18
                  text run at (1,1) width 28: "after"
              RenderTableCell {TD} at (698,266) size 61x20 [r=12 c=3 rs=1 cs=1]
                RenderText {#text} at (1,1) size 28x18
                  text run at (1,1) width 28: "after"
            RenderTableRow {TR} at (0,290) size 761x22
              RenderTableCell {TD} at (2,291) size 385x20 [r=13 c=0 rs=1 cs=1]
                RenderText {#text} at (1,1) size 204x18
                  text run at (1,1) width 204: "file with value property changed"
              RenderTableCell {TD} at (389,289) size 243x24 [r=13 c=1 rs=1 cs=1]
                RenderFileUploadControl {INPUT} at (3,3) size 237x18 "no file selected"
                  RenderButton {INPUT} at (0,0) size 78x18 [bgcolor=#C0C0C0]
                    RenderBlock (anonymous) at (8,2) size 62x13
                      RenderText at (0,0) size 62x13
                        text run at (0,0) width 62: "Choose File"
              RenderTableCell {TD} at (634,300) size 62x2 [r=13 c=2 rs=1 cs=1]
              RenderTableCell {TD} at (698,291) size 61x20 [r=13 c=3 rs=1 cs=1]
                RenderText {#text} at (1,1) size 40x18
                  text run at (1,1) width 40: "before"
layer at (403,133) size 140x13
  RenderBlock {DIV} at (3,3) size 140x13
    RenderText {#text} at (0,0) size 35x13
      text run at (0,0) width 35: "before"
layer at (403,158) size 140x13
  RenderBlock {DIV} at (3,3) size 140x13
    RenderText {#text} at (0,0) size 37x13
      text run at (0,0) width 37: "\x{2022}\x{2022}\x{2022}\x{2022}\x{2022}\x{2022}"
layer at (403,288) size 140x13
  RenderBlock {DIV} at (3,3) size 140x13
    RenderText {#text} at (0,0) size 25x13
      text run at (0,0) width 25: "after"
layer at (403,353) size 140x13
  RenderBlock {DIV} at (3,3) size 140x13
    RenderText {#text} at (0,0) size 25x13
      text run at (0,0) width 25: "after"
layer at (403,398) size 140x13
  RenderBlock {DIV} at (3,3) size 140x13
    RenderText {#text} at (0,0) size 25x13
      text run at (0,0) width 25: "after"
