layer at (0,0) size 800x600
  RenderView at (0,0) size 800x600
layer at (0,0) size 800x600
  RenderBlock {HTML} at (0,0) size 800x600
    RenderBody {BODY} at (8,8) size 784x576
      RenderBlock {P} at (0,0) size 784x36
        RenderText {#text} at (0,0) size 784x35
          text run at (0,0) width 784: "Results that match WinIE are two columns on the right that say \"after\" every time, except for the last row which should have"
          text run at (0,18) width 158: "nothing in either column."
      RenderBlock {P} at (0,52) size 784x18
        RenderText {#text} at (0,0) size 713x17
          text run at (0,0) width 713: "Results that match Gecko are like WinIE, but with \"before\" for the attribute in the first two rows and the last row."
      RenderBlock {HR} at (0,86) size 784x2 [border: (1px inset #000000)]
      RenderBlock {FORM} at (0,96) size 784x473
        RenderTable {TABLE} at (0,0) size 784x473
          RenderTableSection {THEAD} at (0,0) size 784x24
            RenderTableRow {TR} at (0,2) size 784x20
              RenderTableCell {TH} at (2,2) size 339x20 [r=0 c=0 rs=1 cs=1]
                RenderText {#text} at (1,1) size 55x17
                  text run at (1,1) width 55: "test case"
              RenderTableCell {TH} at (343,2) size 312x20 [r=0 c=1 rs=1 cs=1]
                RenderText {#text} at (1,1) size 89x17
                  text run at (1,1) width 89: "form element"
              RenderTableCell {TH} at (657,2) size 62x20 [r=0 c=2 rs=1 cs=1]
                RenderText {#text} at (1,1) size 60x17
                  text run at (1,1) width 60: "property"
              RenderTableCell {TH} at (721,2) size 61x20 [r=0 c=3 rs=1 cs=1]
                RenderText {#text} at (1,1) size 59x17
                  text run at (1,1) width 59: "attribute"
          RenderTableSection {TBODY} at (0,24) size 784x449
            RenderTableRow {TR} at (0,0) size 784x32
              RenderTableCell {TD} at (2,6) size 339x20 [r=0 c=0 rs=1 cs=1]
                RenderText {#text} at (1,1) size 207x17
                  text run at (1,1) width 207: "text with value property changed"
              RenderTableCell {TD} at (343,-1) size 312x34 [r=0 c=1 rs=1 cs=1]
                RenderTextControl {INPUT} at (3,3) size 192x28 [bgcolor=#FFFFFF]
              RenderTableCell {TD} at (657,6) size 62x20 [r=0 c=2 rs=1 cs=1]
                RenderText {#text} at (1,1) size 28x17
                  text run at (1,1) width 28: "after"
              RenderTableCell {TD} at (721,6) size 61x20 [r=0 c=3 rs=1 cs=1]
                RenderText {#text} at (1,1) size 40x17
                  text run at (1,1) width 40: "before"
            RenderTableRow {TR} at (0,34) size 784x32
              RenderTableCell {TD} at (2,40) size 339x20 [r=1 c=0 rs=1 cs=1]
                RenderText {#text} at (1,1) size 244x17
                  text run at (1,1) width 244: "password with value property changed"
              RenderTableCell {TD} at (343,33) size 312x34 [r=1 c=1 rs=1 cs=1]
                RenderTextControl {INPUT} at (3,3) size 192x28 [bgcolor=#FFFFFF]
              RenderTableCell {TD} at (657,40) size 62x20 [r=1 c=2 rs=1 cs=1]
                RenderText {#text} at (1,1) size 28x17
                  text run at (1,1) width 28: "after"
              RenderTableCell {TD} at (721,40) size 61x20 [r=1 c=3 rs=1 cs=1]
                RenderText {#text} at (1,1) size 40x17
                  text run at (1,1) width 40: "before"
            RenderTableRow {TR} at (0,68) size 784x18
              RenderTableCell {TD} at (2,67) size 339x20 [r=2 c=0 rs=1 cs=1]
                RenderText {#text} at (1,1) size 249x17
                  text run at (1,1) width 249: "check box with value property changed"
              RenderTableCell {TD} at (343,67) size 312x20 [r=2 c=1 rs=1 cs=1]
                RenderBlock {INPUT} at (5,4) size 13x12
              RenderTableCell {TD} at (657,67) size 62x20 [r=2 c=2 rs=1 cs=1]
                RenderText {#text} at (1,1) size 28x17
                  text run at (1,1) width 28: "after"
              RenderTableCell {TD} at (721,67) size 61x20 [r=2 c=3 rs=1 cs=1]
                RenderText {#text} at (1,1) size 28x17
                  text run at (1,1) width 28: "after"
            RenderTableRow {TR} at (0,88) size 784x18
              RenderTableCell {TD} at (2,87) size 339x20 [r=3 c=0 rs=1 cs=1]
                RenderText {#text} at (1,1) size 227x17
                  text run at (1,1) width 227: "hidden with value property changed"
              RenderTableCell {TD} at (343,96) size 312x2 [r=3 c=1 rs=1 cs=1]
              RenderTableCell {TD} at (657,87) size 62x20 [r=3 c=2 rs=1 cs=1]
                RenderText {#text} at (1,1) size 28x17
                  text run at (1,1) width 28: "after"
              RenderTableCell {TD} at (721,87) size 61x20 [r=3 c=3 rs=1 cs=1]
                RenderText {#text} at (1,1) size 28x17
                  text run at (1,1) width 28: "after"
            RenderTableRow {TR} at (0,108) size 784x44
              RenderTableCell {TD} at (2,120) size 339x20 [r=4 c=0 rs=1 cs=1]
                RenderText {#text} at (1,1) size 224x17
                  text run at (1,1) width 224: "button with value property changed"
              RenderTableCell {TD} at (343,107) size 312x46 [r=4 c=1 rs=1 cs=1]
                RenderButton {INPUT} at (3,3) size 65x40 [bgcolor=#C0C0C0] [border: (2px outset #C0C0C0)]
                  RenderBlock (anonymous) at (17,10) size 31x18
                    RenderText at (0,0) size 31x17
                      text run at (0,0) width 31: "after"
              RenderTableCell {TD} at (657,120) size 62x20 [r=4 c=2 rs=1 cs=1]
                RenderText {#text} at (1,1) size 28x17
                  text run at (1,1) width 28: "after"
              RenderTableCell {TD} at (721,120) size 61x20 [r=4 c=3 rs=1 cs=1]
                RenderText {#text} at (1,1) size 28x17
                  text run at (1,1) width 28: "after"
            RenderTableRow {TR} at (0,154) size 784x21
              RenderTableCell {TD} at (2,154) size 339x20 [r=5 c=0 rs=1 cs=1]
                RenderText {#text} at (1,1) size 222x17
                  text run at (1,1) width 222: "image with value property changed"
              RenderTableCell {TD} at (343,153) size 312x23 [r=5 c=1 rs=1 cs=1]
                RenderImage {INPUT} at (1,1) size 49x21
              RenderTableCell {TD} at (657,154) size 62x20 [r=5 c=2 rs=1 cs=1]
                RenderText {#text} at (1,1) size 28x17
                  text run at (1,1) width 28: "after"
              RenderTableCell {TD} at (721,154) size 61x20 [r=5 c=3 rs=1 cs=1]
                RenderText {#text} at (1,1) size 28x17
                  text run at (1,1) width 28: "after"
            RenderTableRow {TR} at (0,177) size 784x18
              RenderTableCell {TD} at (2,176) size 339x20 [r=6 c=0 rs=1 cs=1]
                RenderText {#text} at (1,1) size 216x17
                  text run at (1,1) width 216: "radio with value property changed"
              RenderTableCell {TD} at (343,176) size 312x20 [r=6 c=1 rs=1 cs=1]
                RenderBlock {INPUT} at (5,4) size 13x12
              RenderTableCell {TD} at (657,176) size 62x20 [r=6 c=2 rs=1 cs=1]
                RenderText {#text} at (1,1) size 28x17
                  text run at (1,1) width 28: "after"
              RenderTableCell {TD} at (721,176) size 61x20 [r=6 c=3 rs=1 cs=1]
                RenderText {#text} at (1,1) size 28x17
                  text run at (1,1) width 28: "after"
            RenderTableRow {TR} at (0,197) size 784x32
              RenderTableCell {TD} at (2,203) size 339x20 [r=7 c=0 rs=1 cs=1]
                RenderText {#text} at (1,1) size 205x17
                  text run at (1,1) width 205: "text with value attribute changed"
              RenderTableCell {TD} at (343,196) size 312x34 [r=7 c=1 rs=1 cs=1]
                RenderTextControl {INPUT} at (3,3) size 192x28 [bgcolor=#FFFFFF]
              RenderTableCell {TD} at (657,203) size 62x20 [r=7 c=2 rs=1 cs=1]
                RenderText {#text} at (1,1) size 28x17
                  text run at (1,1) width 28: "after"
              RenderTableCell {TD} at (721,203) size 61x20 [r=7 c=3 rs=1 cs=1]
                RenderText {#text} at (1,1) size 28x17
                  text run at (1,1) width 28: "after"
            RenderTableRow {TR} at (0,231) size 784x18
              RenderTableCell {TD} at (2,230) size 339x20 [r=8 c=0 rs=1 cs=1]
                RenderText {#text} at (1,1) size 247x17
                  text run at (1,1) width 247: "check box with value attribute changed"
              RenderTableCell {TD} at (343,230) size 312x20 [r=8 c=1 rs=1 cs=1]
                RenderBlock {INPUT} at (5,4) size 13x12
              RenderTableCell {TD} at (657,230) size 62x20 [r=8 c=2 rs=1 cs=1]
                RenderText {#text} at (1,1) size 28x17
                  text run at (1,1) width 28: "after"
              RenderTableCell {TD} at (721,230) size 61x20 [r=8 c=3 rs=1 cs=1]
                RenderText {#text} at (1,1) size 28x17
                  text run at (1,1) width 28: "after"
            RenderTableRow {TR} at (0,251) size 784x36
              RenderTableCell {TD} at (2,250) size 339x38 [r=9 c=0 rs=1 cs=1]
                RenderText {#text} at (1,1) size 314x35
                  text run at (1,1) width 314: "text with value property changed, then turned into"
                  text run at (1,19) width 65: "check box"
              RenderTableCell {TD} at (343,259) size 312x20 [r=9 c=1 rs=1 cs=1]
                RenderBlock {INPUT} at (5,4) size 13x12
              RenderTableCell {TD} at (657,259) size 62x20 [r=9 c=2 rs=1 cs=1]
                RenderText {#text} at (1,1) size 28x17
                  text run at (1,1) width 28: "after"
              RenderTableCell {TD} at (721,259) size 61x20 [r=9 c=3 rs=1 cs=1]
                RenderText {#text} at (1,1) size 28x17
                  text run at (1,1) width 28: "after"
            RenderTableRow {TR} at (0,289) size 784x36
              RenderTableCell {TD} at (2,288) size 339x38 [r=10 c=0 rs=1 cs=1]
                RenderText {#text} at (1,1) size 328x35
                  text run at (1,1) width 328: "check box with value property changed, then turned"
                  text run at (1,19) width 51: "into text"
              RenderTableCell {TD} at (343,290) size 312x34 [r=10 c=1 rs=1 cs=1]
                RenderTextControl {INPUT} at (3,3) size 192x28 [bgcolor=#FFFFFF]
              RenderTableCell {TD} at (657,297) size 62x20 [r=10 c=2 rs=1 cs=1]
                RenderText {#text} at (1,1) size 28x17
                  text run at (1,1) width 28: "after"
              RenderTableCell {TD} at (721,297) size 61x20 [r=10 c=3 rs=1 cs=1]
                RenderText {#text} at (1,1) size 28x17
                  text run at (1,1) width 28: "after"
            RenderTableRow {TR} at (0,327) size 784x36
              RenderTableCell {TD} at (2,326) size 339x38 [r=11 c=0 rs=1 cs=1]
                RenderText {#text} at (1,1) size 312x35
                  text run at (1,1) width 312: "text with value attribute changed, then turned into"
                  text run at (1,19) width 65: "check box"
              RenderTableCell {TD} at (343,335) size 312x20 [r=11 c=1 rs=1 cs=1]
                RenderBlock {INPUT} at (5,4) size 13x12
              RenderTableCell {TD} at (657,335) size 62x20 [r=11 c=2 rs=1 cs=1]
                RenderText {#text} at (1,1) size 28x17
                  text run at (1,1) width 28: "after"
              RenderTableCell {TD} at (721,335) size 61x20 [r=11 c=3 rs=1 cs=1]
                RenderText {#text} at (1,1) size 28x17
                  text run at (1,1) width 28: "after"
            RenderTableRow {TR} at (0,365) size 784x36
              RenderTableCell {TD} at (2,364) size 339x38 [r=12 c=0 rs=1 cs=1]
                RenderText {#text} at (1,1) size 326x35
                  text run at (1,1) width 326: "check box with value attribute changed, then turned"
                  text run at (1,19) width 51: "into text"
              RenderTableCell {TD} at (343,366) size 312x34 [r=12 c=1 rs=1 cs=1]
                RenderTextControl {INPUT} at (3,3) size 192x28 [bgcolor=#FFFFFF]
              RenderTableCell {TD} at (657,373) size 62x20 [r=12 c=2 rs=1 cs=1]
                RenderText {#text} at (1,1) size 28x17
                  text run at (1,1) width 28: "after"
              RenderTableCell {TD} at (721,373) size 61x20 [r=12 c=3 rs=1 cs=1]
                RenderText {#text} at (1,1) size 28x17
                  text run at (1,1) width 28: "after"
            RenderTableRow {TR} at (0,403) size 784x44
              RenderTableCell {TD} at (2,415) size 339x20 [r=13 c=0 rs=1 cs=1]
                RenderText {#text} at (1,1) size 204x17
                  text run at (1,1) width 204: "file with value property changed"
              RenderTableCell {TD} at (343,402) size 312x46 [r=13 c=1 rs=1 cs=1]
                RenderFileUploadControl {INPUT} at (3,3) size 306x40 "No file selected"
                  RenderButton {INPUT} at (0,0) size 121x40 [bgcolor=#C0C0C0] [border: (2px outset #C0C0C0)]
                    RenderBlock (anonymous) at (17,10) size 87x18
                      RenderText at (0,0) size 87x17
                        text run at (0,0) width 87: "Choose File"
              RenderTableCell {TD} at (657,424) size 62x2 [r=13 c=2 rs=1 cs=1]
              RenderTableCell {TD} at (721,415) size 61x20 [r=13 c=3 rs=1 cs=1]
                RenderText {#text} at (1,1) size 40x17
                  text run at (1,1) width 40: "before"
layer at (358,136) size 185x18
  RenderBlock {DIV} at (4,6) size 185x18
    RenderText {#text} at (0,0) size 45x17
      text run at (0,0) width 45: "before"
layer at (358,170) size 185x18
  RenderBlock {DIV} at (4,6) size 185x18
    RenderText {#text} at (0,0) size 36x17
      text run at (0,0) width 36: "\x{2022}\x{2022}\x{2022}\x{2022}\x{2022}\x{2022}"
layer at (358,333) size 185x18
  RenderBlock {DIV} at (4,6) size 185x18
    RenderText {#text} at (0,0) size 31x17
      text run at (0,0) width 31: "after"
layer at (358,427) size 185x18
  RenderBlock {DIV} at (4,6) size 185x18
    RenderText {#text} at (0,0) size 31x17
      text run at (0,0) width 31: "after"
layer at (358,503) size 185x18
  RenderBlock {DIV} at (4,6) size 185x18
    RenderText {#text} at (0,0) size 31x17
      text run at (0,0) width 31: "after"
