layer at (0,0) size 800x600
  RenderView at (0,0) size 800x600
layer at (0,0) size 800x58
  RenderBlock {HTML} at (0,0) size 800x58
    RenderBody {BODY} at (8,8) size 784x42
      RenderBlock {FORM} at (0,0) size 784x42
        RenderTextControl {INPUT} at (2,6) size 327x26 [bgcolor=#FFFFFF]
        RenderText {#text} at (331,12) size 16x16
          text run at (331,12) width 16: " "
        RenderButton {INPUT} at (349,2) size 130x38 [bgcolor=#C0C0C0] [border: (2px outset #C0C0C0)]
          RenderBlock (anonymous) at (17,10) size 96x16
            RenderText at (0,0) size 96x16
              text run at (0,0) width 96: "Submit"
        RenderText {#text} at (0,0) size 0x0
layer at (14,20) size 320x16
  RenderBlock {DIV} at (4,6) size 320x16
layer at (10,40) size 220x212
  RenderBlock (positioned) zI: 2147483647 {DIV} at (10,40) size 220x212
layer at (10,40) size 220x16 scrollHeight 25
  RenderBlock {DIV} at (0,0) size 220x16
layer at (10,52) size 220x196
  RenderFlexibleBox zI: 2147483644 {DIV} at (0,16) size 220x196 [border: (2px solid #440000)]
    RenderBlock {DIV} at (10,10) size 0x176
    RenderBlock {DIV} at (10,10) size 200x176
      RenderBlock {DIV} at (0,0) size 200x48
        RenderText {#text} at (0,0) size 176x48
          text run at (0,0) width 176: "Please fill"
          text run at (0,16) width 128: "out this"
          text run at (0,32) width 96: "field."
      RenderBlock {DIV} at (0,48) size 200x128
        RenderText {#text} at (0,0) size 128x48
          text run at (0,0) width 128: "Needs at"
          text run at (0,16) width 112: "least 8"
          text run at (0,32) width 128: "letters."
        RenderBR {BR} at (128,32) size 0x16
        RenderText {#text} at (0,48) size 192x80
          text run at (0,48) width 160: "Should not"
          text run at (0,64) width 192: "be identical"
          text run at (0,80) width 128: "with the"
          text run at (0,96) width 112: "current"
          text run at (0,112) width 144: "password."
layer at (42,40) size 18x18 backgroundClip at (10,40) size 220x16 clip at (10,40) size 220x16 outlineClip at (10,40) size 220x16
  RenderBlock (relative positioned) zI: 2147483645 {DIV} at (0,0) size 18x18 [bgcolor=#F8ECEC] [border: (2px solid #440000) none (2px solid #440000)]
caret: position 0 of child 0 {DIV} of {#document-fragment} of child 1 {INPUT} of child 0 {FORM} of body
