layer at (0,0) size 800x600
  RenderView at (0,0) size 800x600
layer at (0,0) size 800x139
  RenderBlock {html} at (0,0) size 800x139
    RenderBody {body} at (8,16) size 784x115
      RenderBlock {p} at (0,0) size 784x17
        RenderText {#text} at (0,0) size 459x17
          text run at (0,0) width 395: "All four sides of the frame surrounding the table below should "
          text run at (395,0) width 64: "be visible."
      RenderTable {table} at (0,33) size 190x82 [border: (1px solid #808080)]
        RenderTableCol {colgroup} at (0,0) size 0x0
          RenderTableCol {col} at (0,0) size 0x0
        RenderTableCol {colgroup} at (0,0) size 0x0
          RenderTableCol {col} at (0,0) size 0x0
        RenderTableCol {colgroup} at (0,0) size 0x0
          RenderTableCol {col} at (0,0) size 0x0
        RenderTableSection {thead} at (1,1) size 188x23
          RenderTableRow {tr} at (0,2) size 188x19
            RenderTableCell {th} at (2,2) size 60x19 [r=0 c=0 rs=1 cs=1]
              RenderText {#text} at (1,1) size 58x17
                text run at (1,1) width 58: "THEAD"
            RenderTableCell {th} at (64,2) size 60x19 [r=0 c=1 rs=1 cs=1]
              RenderText {#text} at (1,1) size 58x17
                text run at (1,1) width 58: "THEAD"
            RenderTableCell {th} at (126,2) size 60x19 [r=0 c=2 rs=1 cs=1]
              RenderText {#text} at (1,1) size 58x17
                text run at (1,1) width 58: "THEAD"
        RenderTableSection {tfoot} at (1,62) size 188x19
          RenderTableRow {tr} at (0,0) size 188x17
            RenderTableCell {td} at (2,-1) size 60x19 [r=0 c=0 rs=1 cs=1]
              RenderText {#text} at (1,1) size 53x17
                text run at (1,1) width 53: "TFOOT"
            RenderTableCell {td} at (64,-1) size 60x19 [r=0 c=1 rs=1 cs=1]
              RenderText {#text} at (1,1) size 53x17
                text run at (1,1) width 53: "TFOOT"
            RenderTableCell {td} at (126,-1) size 60x19 [r=0 c=2 rs=1 cs=1]
              RenderText {#text} at (1,1) size 53x17
                text run at (1,1) width 53: "TFOOT"
        RenderTableSection {tbody} at (1,24) size 188x38
          RenderTableRow {tr} at (0,0) size 188x17
            RenderTableCell {td} at (2,-1) size 60x19 [r=0 c=0 rs=1 cs=1]
              RenderText {#text} at (1,1) size 57x17
                text run at (1,1) width 57: "TBODY"
            RenderTableCell {td} at (64,-1) size 60x19 [r=0 c=1 rs=1 cs=1]
              RenderText {#text} at (1,1) size 57x17
                text run at (1,1) width 57: "TBODY"
            RenderTableCell {td} at (126,-1) size 60x19 [r=0 c=2 rs=1 cs=1]
              RenderText {#text} at (1,1) size 57x17
                text run at (1,1) width 57: "TBODY"
          RenderTableRow {tr} at (0,19) size 188x17
            RenderTableCell {td} at (2,18) size 60x19 [r=1 c=0 rs=1 cs=1]
              RenderText {#text} at (1,1) size 57x17
                text run at (1,1) width 57: "TBODY"
            RenderTableCell {td} at (64,18) size 60x19 [r=1 c=1 rs=1 cs=1]
              RenderText {#text} at (1,1) size 57x17
                text run at (1,1) width 57: "TBODY"
            RenderTableCell {td} at (126,18) size 60x19 [r=1 c=2 rs=1 cs=1]
              RenderText {#text} at (1,1) size 57x17
                text run at (1,1) width 57: "TBODY"
