layer at (0,0) size 800x600
  RenderView at (0,0) size 800x600
layer at (0,0) size 800x600
  RenderBlock {HTML} at (0,0) size 800x600
    RenderBody {BODY} at (8,8) size 784x584
      RenderBlock {P} at (0,0) size 784x18
        RenderText {#text} at (0,0) size 135x18
          text run at (0,0) width 135: "A paragraph of text"
      RenderTable {TABLE} at (0,34) size 276x314 [border: (1px outset #808080)]
        RenderTableSection {THEAD} at (1,1) size 274x26
          RenderTableRow {TR} at (0,2) size 274x22
            RenderTableCell {TH} at (2,2) size 66x22 [border: (1px inset #808080)] [r=0 c=0 rs=1 cs=1]
              RenderText {#text} at (2,2) size 62x18
                text run at (2,2) width 62: "column 1"
            RenderTableCell {TH} at (70,2) size 66x22 [border: (1px inset #808080)] [r=0 c=1 rs=1 cs=1]
              RenderText {#text} at (2,2) size 62x18
                text run at (2,2) width 62: "column 2"
            RenderTableCell {TH} at (138,2) size 66x22 [border: (1px inset #808080)] [r=0 c=2 rs=1 cs=1]
              RenderText {#text} at (2,2) size 62x18
                text run at (2,2) width 62: "column 3"
            RenderTableCell {TH} at (206,2) size 66x22 [border: (1px inset #808080)] [r=0 c=3 rs=1 cs=1]
              RenderText {#text} at (2,2) size 62x18
                text run at (2,2) width 62: "column 4"
        RenderTableSection {TBODY} at (1,27) size 274x286
          RenderTableRow {TR} at (0,0) size 274x20
            RenderTableCell {TD} at (2,-1) size 66x22 [border: (1px inset #808080)] [r=0 c=0 rs=1 cs=1]
              RenderText {#text} at (2,2) size 23x18
                text run at (2,2) width 23: "one"
            RenderTableCell {TD} at (70,-1) size 66x22 [border: (1px inset #808080)] [r=0 c=1 rs=1 cs=1]
              RenderText {#text} at (2,2) size 24x18
                text run at (2,2) width 24: "two"
            RenderTableCell {TD} at (138,-1) size 66x22 [border: (1px inset #808080)] [r=0 c=2 rs=1 cs=1]
              RenderText {#text} at (2,2) size 31x18
                text run at (2,2) width 31: "three"
            RenderTableCell {TD} at (206,-1) size 66x22 [border: (1px inset #808080)] [r=0 c=3 rs=1 cs=1]
              RenderText {#text} at (2,2) size 26x18
                text run at (2,2) width 26: "four"
          RenderTableRow {TR} at (0,22) size 274x20
            RenderTableCell {TD} at (2,21) size 66x22 [border: (1px inset #808080)] [r=1 c=0 rs=1 cs=1]
              RenderText {#text} at (2,2) size 23x18
                text run at (2,2) width 23: "one"
            RenderTableCell {TD} at (70,21) size 66x22 [border: (1px inset #808080)] [r=1 c=1 rs=1 cs=1]
              RenderText {#text} at (2,2) size 24x18
                text run at (2,2) width 24: "two"
            RenderTableCell {TD} at (138,21) size 66x22 [border: (1px inset #808080)] [r=1 c=2 rs=1 cs=1]
              RenderText {#text} at (2,2) size 31x18
                text run at (2,2) width 31: "three"
            RenderTableCell {TD} at (206,21) size 66x22 [border: (1px inset #808080)] [r=1 c=3 rs=1 cs=1]
              RenderText {#text} at (2,2) size 26x18
                text run at (2,2) width 26: "four"
          RenderTableRow {TR} at (0,44) size 274x20
            RenderTableCell {TD} at (2,43) size 66x22 [border: (1px inset #808080)] [r=2 c=0 rs=1 cs=1]
              RenderText {#text} at (2,2) size 23x18
                text run at (2,2) width 23: "one"
            RenderTableCell {TD} at (70,43) size 66x22 [border: (1px inset #808080)] [r=2 c=1 rs=1 cs=1]
              RenderText {#text} at (2,2) size 24x18
                text run at (2,2) width 24: "two"
            RenderTableCell {TD} at (138,43) size 66x22 [border: (1px inset #808080)] [r=2 c=2 rs=1 cs=1]
              RenderText {#text} at (2,2) size 31x18
                text run at (2,2) width 31: "three"
            RenderTableCell {TD} at (206,43) size 66x22 [border: (1px inset #808080)] [r=2 c=3 rs=1 cs=1]
              RenderText {#text} at (2,2) size 26x18
                text run at (2,2) width 26: "four"
          RenderTableRow {TR} at (0,66) size 274x20
            RenderTableCell {TD} at (2,65) size 66x22 [border: (1px inset #808080)] [r=3 c=0 rs=1 cs=1]
              RenderText {#text} at (2,2) size 23x18
                text run at (2,2) width 23: "one"
            RenderTableCell {TD} at (70,65) size 66x22 [border: (1px inset #808080)] [r=3 c=1 rs=1 cs=1]
              RenderText {#text} at (2,2) size 24x18
                text run at (2,2) width 24: "two"
            RenderTableCell {TD} at (138,65) size 66x22 [border: (1px inset #808080)] [r=3 c=2 rs=1 cs=1]
              RenderText {#text} at (2,2) size 31x18
                text run at (2,2) width 31: "three"
            RenderTableCell {TD} at (206,65) size 66x22 [border: (1px inset #808080)] [r=3 c=3 rs=1 cs=1]
              RenderText {#text} at (2,2) size 26x18
                text run at (2,2) width 26: "four"
          RenderTableRow {TR} at (0,88) size 274x20
            RenderTableCell {TD} at (2,87) size 66x22 [border: (1px inset #808080)] [r=4 c=0 rs=1 cs=1]
              RenderText {#text} at (2,2) size 23x18
                text run at (2,2) width 23: "one"
            RenderTableCell {TD} at (70,87) size 66x22 [border: (1px inset #808080)] [r=4 c=1 rs=1 cs=1]
              RenderText {#text} at (2,2) size 24x18
                text run at (2,2) width 24: "two"
            RenderTableCell {TD} at (138,87) size 66x22 [border: (1px inset #808080)] [r=4 c=2 rs=1 cs=1]
              RenderText {#text} at (2,2) size 31x18
                text run at (2,2) width 31: "three"
            RenderTableCell {TD} at (206,87) size 66x22 [border: (1px inset #808080)] [r=4 c=3 rs=1 cs=1]
              RenderText {#text} at (2,2) size 26x18
                text run at (2,2) width 26: "four"
          RenderTableRow {TR} at (0,110) size 274x20
            RenderTableCell {TD} at (2,109) size 66x22 [border: (1px inset #808080)] [r=5 c=0 rs=1 cs=1]
              RenderText {#text} at (2,2) size 23x18
                text run at (2,2) width 23: "one"
            RenderTableCell {TD} at (70,109) size 66x22 [border: (1px inset #808080)] [r=5 c=1 rs=1 cs=1]
              RenderText {#text} at (2,2) size 24x18
                text run at (2,2) width 24: "two"
            RenderTableCell {TD} at (138,109) size 66x22 [border: (1px inset #808080)] [r=5 c=2 rs=1 cs=1]
              RenderText {#text} at (2,2) size 31x18
                text run at (2,2) width 31: "three"
            RenderTableCell {TD} at (206,109) size 66x22 [border: (1px inset #808080)] [r=5 c=3 rs=1 cs=1]
              RenderText {#text} at (2,2) size 26x18
                text run at (2,2) width 26: "four"
          RenderTableRow {TR} at (0,132) size 274x20
            RenderTableCell {TD} at (2,131) size 66x22 [border: (1px inset #808080)] [r=6 c=0 rs=1 cs=1]
              RenderText {#text} at (2,2) size 23x18
                text run at (2,2) width 23: "one"
            RenderTableCell {TD} at (70,131) size 66x22 [border: (1px inset #808080)] [r=6 c=1 rs=1 cs=1]
              RenderText {#text} at (2,2) size 24x18
                text run at (2,2) width 24: "two"
            RenderTableCell {TD} at (138,131) size 66x22 [border: (1px inset #808080)] [r=6 c=2 rs=1 cs=1]
              RenderText {#text} at (2,2) size 31x18
                text run at (2,2) width 31: "three"
            RenderTableCell {TD} at (206,131) size 66x22 [border: (1px inset #808080)] [r=6 c=3 rs=1 cs=1]
              RenderText {#text} at (2,2) size 26x18
                text run at (2,2) width 26: "four"
          RenderTableRow {TR} at (0,154) size 274x20
            RenderTableCell {TD} at (2,153) size 66x22 [border: (1px inset #808080)] [r=7 c=0 rs=1 cs=1]
              RenderText {#text} at (2,2) size 23x18
                text run at (2,2) width 23: "one"
            RenderTableCell {TD} at (70,153) size 66x22 [border: (1px inset #808080)] [r=7 c=1 rs=1 cs=1]
              RenderText {#text} at (2,2) size 24x18
                text run at (2,2) width 24: "two"
            RenderTableCell {TD} at (138,153) size 66x22 [border: (1px inset #808080)] [r=7 c=2 rs=1 cs=1]
              RenderText {#text} at (2,2) size 31x18
                text run at (2,2) width 31: "three"
            RenderTableCell {TD} at (206,153) size 66x22 [border: (1px inset #808080)] [r=7 c=3 rs=1 cs=1]
              RenderText {#text} at (2,2) size 26x18
                text run at (2,2) width 26: "four"
          RenderTableRow {TR} at (0,176) size 274x20
            RenderTableCell {TD} at (2,175) size 66x22 [border: (1px inset #808080)] [r=8 c=0 rs=1 cs=1]
              RenderText {#text} at (2,2) size 23x18
                text run at (2,2) width 23: "one"
            RenderTableCell {TD} at (70,175) size 66x22 [border: (1px inset #808080)] [r=8 c=1 rs=1 cs=1]
              RenderText {#text} at (2,2) size 24x18
                text run at (2,2) width 24: "two"
            RenderTableCell {TD} at (138,175) size 66x22 [border: (1px inset #808080)] [r=8 c=2 rs=1 cs=1]
              RenderText {#text} at (2,2) size 31x18
                text run at (2,2) width 31: "three"
            RenderTableCell {TD} at (206,175) size 66x22 [border: (1px inset #808080)] [r=8 c=3 rs=1 cs=1]
              RenderText {#text} at (2,2) size 26x18
                text run at (2,2) width 26: "four"
          RenderTableRow {TR} at (0,198) size 274x20
            RenderTableCell {TD} at (2,197) size 66x22 [border: (1px inset #808080)] [r=9 c=0 rs=1 cs=1]
              RenderText {#text} at (2,2) size 23x18
                text run at (2,2) width 23: "one"
            RenderTableCell {TD} at (70,197) size 66x22 [border: (1px inset #808080)] [r=9 c=1 rs=1 cs=1]
              RenderText {#text} at (2,2) size 24x18
                text run at (2,2) width 24: "two"
            RenderTableCell {TD} at (138,197) size 66x22 [border: (1px inset #808080)] [r=9 c=2 rs=1 cs=1]
              RenderText {#text} at (2,2) size 31x18
                text run at (2,2) width 31: "three"
            RenderTableCell {TD} at (206,197) size 66x22 [border: (1px inset #808080)] [r=9 c=3 rs=1 cs=1]
              RenderText {#text} at (2,2) size 26x18
                text run at (2,2) width 26: "four"
          RenderTableRow {TR} at (0,220) size 274x20
            RenderTableCell {TD} at (2,219) size 66x22 [border: (1px inset #808080)] [r=10 c=0 rs=1 cs=1]
              RenderText {#text} at (2,2) size 23x18
                text run at (2,2) width 23: "one"
            RenderTableCell {TD} at (70,219) size 66x22 [border: (1px inset #808080)] [r=10 c=1 rs=1 cs=1]
              RenderText {#text} at (2,2) size 24x18
                text run at (2,2) width 24: "two"
            RenderTableCell {TD} at (138,219) size 66x22 [border: (1px inset #808080)] [r=10 c=2 rs=1 cs=1]
              RenderText {#text} at (2,2) size 31x18
                text run at (2,2) width 31: "three"
            RenderTableCell {TD} at (206,219) size 66x22 [border: (1px inset #808080)] [r=10 c=3 rs=1 cs=1]
              RenderText {#text} at (2,2) size 26x18
                text run at (2,2) width 26: "four"
          RenderTableRow {TR} at (0,242) size 274x20
            RenderTableCell {TD} at (2,241) size 66x22 [border: (1px inset #808080)] [r=11 c=0 rs=1 cs=1]
              RenderText {#text} at (2,2) size 23x18
                text run at (2,2) width 23: "one"
            RenderTableCell {TD} at (70,241) size 66x22 [border: (1px inset #808080)] [r=11 c=1 rs=1 cs=1]
              RenderText {#text} at (2,2) size 24x18
                text run at (2,2) width 24: "two"
            RenderTableCell {TD} at (138,241) size 66x22 [border: (1px inset #808080)] [r=11 c=2 rs=1 cs=1]
              RenderText {#text} at (2,2) size 31x18
                text run at (2,2) width 31: "three"
            RenderTableCell {TD} at (206,241) size 66x22 [border: (1px inset #808080)] [r=11 c=3 rs=1 cs=1]
              RenderText {#text} at (2,2) size 26x18
                text run at (2,2) width 26: "four"
          RenderTableRow {TR} at (0,264) size 274x20
            RenderTableCell {TD} at (2,263) size 66x22 [border: (1px inset #808080)] [r=12 c=0 rs=1 cs=1]
              RenderText {#text} at (2,2) size 23x18
                text run at (2,2) width 23: "one"
            RenderTableCell {TD} at (70,263) size 66x22 [border: (1px inset #808080)] [r=12 c=1 rs=1 cs=1]
              RenderText {#text} at (2,2) size 24x18
                text run at (2,2) width 24: "two"
            RenderTableCell {TD} at (138,263) size 66x22 [border: (1px inset #808080)] [r=12 c=2 rs=1 cs=1]
              RenderText {#text} at (2,2) size 31x18
                text run at (2,2) width 31: "three"
            RenderTableCell {TD} at (206,263) size 66x22 [border: (1px inset #808080)] [r=12 c=3 rs=1 cs=1]
              RenderText {#text} at (2,2) size 26x18
                text run at (2,2) width 26: "four"
