layer at (0,0) size 800x600
  RenderView at (0,0) size 800x600
layer at (0,0) size 800x144
  RenderBlock {html} at (0,0) size 800x144
    RenderBody {body} at (8,16) size 784x120
      RenderBlock {p} at (0,0) size 784x18
        RenderText {#text} at (0,0) size 563x17
          text run at (0,0) width 410: "Only the top and bottom sides of the frame surrounding the table "
          text run at (410,0) width 153: "below should be visible."
      RenderTable {table} at (0,34) size 188x86 [border: (1px solid #808080) none (1px solid #808080) none]
        RenderTableCol {colgroup} at (0,0) size 0x0
          RenderTableCol {col} at (0,0) size 0x0
        RenderTableCol {colgroup} at (0,0) size 0x0
          RenderTableCol {col} at (0,0) size 0x0
        RenderTableCol {colgroup} at (0,0) size 0x0
          RenderTableCol {col} at (0,0) size 0x0
        RenderTableSection {thead} at (0,1) size 188x24
          RenderTableRow {tr} at (0,2) size 188x20
            RenderTableCell {th} at (2,2) size 60x20 [r=0 c=0 rs=1 cs=1]
              RenderText {#text} at (1,1) size 58x17
                text run at (1,1) width 58: "THEAD"
            RenderTableCell {th} at (64,2) size 60x20 [r=0 c=1 rs=1 cs=1]
              RenderText {#text} at (1,1) size 58x17
                text run at (1,1) width 58: "THEAD"
            RenderTableCell {th} at (126,2) size 60x20 [r=0 c=2 rs=1 cs=1]
              RenderText {#text} at (1,1) size 58x17
                text run at (1,1) width 58: "THEAD"
        RenderTableSection {tfoot} at (0,65) size 188x20
          RenderTableRow {tr} at (0,0) size 188x18
            RenderTableCell {td} at (2,-1) size 60x20 [r=0 c=0 rs=1 cs=1]
              RenderText {#text} at (1,1) size 53x17
                text run at (1,1) width 53: "TFOOT"
            RenderTableCell {td} at (64,-1) size 60x20 [r=0 c=1 rs=1 cs=1]
              RenderText {#text} at (1,1) size 53x17
                text run at (1,1) width 53: "TFOOT"
            RenderTableCell {td} at (126,-1) size 60x20 [r=0 c=2 rs=1 cs=1]
              RenderText {#text} at (1,1) size 53x17
                text run at (1,1) width 53: "TFOOT"
        RenderTableSection {tbody} at (0,25) size 188x40
          RenderTableRow {tr} at (0,0) size 188x18
            RenderTableCell {td} at (2,-1) size 60x20 [r=0 c=0 rs=1 cs=1]
              RenderText {#text} at (1,1) size 57x17
                text run at (1,1) width 57: "TBODY"
            RenderTableCell {td} at (64,-1) size 60x20 [r=0 c=1 rs=1 cs=1]
              RenderText {#text} at (1,1) size 57x17
                text run at (1,1) width 57: "TBODY"
            RenderTableCell {td} at (126,-1) size 60x20 [r=0 c=2 rs=1 cs=1]
              RenderText {#text} at (1,1) size 57x17
                text run at (1,1) width 57: "TBODY"
          RenderTableRow {tr} at (0,20) size 188x18
            RenderTableCell {td} at (2,19) size 60x20 [r=1 c=0 rs=1 cs=1]
              RenderText {#text} at (1,1) size 57x17
                text run at (1,1) width 57: "TBODY"
            RenderTableCell {td} at (64,19) size 60x20 [r=1 c=1 rs=1 cs=1]
              RenderText {#text} at (1,1) size 57x17
                text run at (1,1) width 57: "TBODY"
            RenderTableCell {td} at (126,19) size 60x20 [r=1 c=2 rs=1 cs=1]
              RenderText {#text} at (1,1) size 57x17
                text run at (1,1) width 57: "TBODY"
