layer at (0,0) size 785x759
  RenderView at (0,0) size 785x600
layer at (0,0) size 785x759
  RenderBlock {HTML} at (0,0) size 785x759
    RenderBody {BODY} at (8,8) size 769x743
      RenderBlock {P} at (0,0) size 769x17
        RenderText {#text} at (0,0) size 285x17
          text run at (0,0) width 285: "TABLE 1 - without 'height' style on TABLE"
      RenderTable {TABLE} at (0,33) size 69x67 [border: (3px solid #000000)]
        RenderTableSection {THEAD} at (3,3) size 63x23
          RenderTableRow {TR} at (0,2) size 63x19
            RenderTableCell {TD} at (2,2) size 59x19 [r=0 c=0 rs=1 cs=1]
              RenderText {#text} at (1,1) size 56x17
                text run at (1,1) width 56: "THEAD"
        RenderTableSection {TFOOT} at (3,45) size 63x19
          RenderTableRow {TR} at (0,0) size 63x17
            RenderTableCell {TD} at (2,-1) size 59x19 [r=0 c=0 rs=1 cs=1]
              RenderText {#text} at (1,1) size 53x17
                text run at (1,1) width 53: "TFOOT"
        RenderTableSection {TBODY} at (3,26) size 63x19
          RenderTableRow {TR} at (0,0) size 63x17
            RenderTableCell {TD} at (2,-1) size 59x19 [r=0 c=0 rs=1 cs=1]
              RenderText {#text} at (1,1) size 57x17
                text run at (1,1) width 57: "TBODY"
      RenderBlock {HR} at (0,108) size 769x2 [border: (1px inset #000000)]
      RenderBlock {P} at (0,126) size 769x17
        RenderText {#text} at (0,0) size 265x17
          text run at (0,0) width 265: "TABLE 2 - with 'height' style on TABLE"
      RenderTable {TABLE} at (0,159) size 69x584 [border: (3px solid #000000)]
        RenderTableSection {THEAD} at (3,3) size 63x23
          RenderTableRow {TR} at (0,2) size 63x19
            RenderTableCell {TD} at (2,2) size 59x19 [r=0 c=0 rs=1 cs=1]
              RenderText {#text} at (1,1) size 56x17
                text run at (1,1) width 56: "THEAD"
        RenderTableSection {TFOOT} at (3,562) size 63x19
          RenderTableRow {TR} at (0,0) size 63x17
            RenderTableCell {TD} at (2,-1) size 59x19 [r=0 c=0 rs=1 cs=1]
              RenderText {#text} at (1,1) size 53x17
                text run at (1,1) width 53: "TFOOT"
        RenderTableSection {TBODY} at (3,26) size 63x536
          RenderTableRow {TR} at (0,0) size 63x534
            RenderTableCell {TD} at (2,257) size 59x19 [r=0 c=0 rs=1 cs=1]
              RenderText {#text} at (1,1) size 57x17
                text run at (1,1) width 57: "TBODY"
