layer at (0,0) size 800x600
  RenderView at (0,0) size 800x600
layer at (0,0) size 800x600
  RenderBlock {HTML} at (0,0) size 800x600
    RenderBody {BODY} at (8,8) size 784x576
      RenderBlock {P} at (0,0) size 784x34
        RenderText {#text} at (0,0) size 784x34
          text run at (0,0) width 784: "Results that match WinIE are two columns on the right that say \"after\" every time, except for the last row which should have"
          text run at (0,17) width 158: "nothing in either column."
      RenderBlock {P} at (0,50) size 784x17
        RenderText {#text} at (0,0) size 713x17
          text run at (0,0) width 713: "Results that match Gecko are like WinIE, but with \"before\" for the attribute in the first two rows and the last row."
      RenderBlock {HR} at (0,83) size 784x2 [border: (1px inset #000000)]
      RenderBlock {FORM} at (0,93) size 784x432
        RenderTable {TABLE} at (0,0) size 784x432
          RenderTableSection {THEAD} at (0,0) size 784x23
            RenderTableRow {TR} at (0,2) size 784x19
              RenderTableCell {TH} at (2,2) size 339x19 [r=0 c=0 rs=1 cs=1]
                RenderText {#text} at (1,1) size 55x17
                  text run at (1,1) width 55: "test case"
              RenderTableCell {TH} at (343,2) size 312x19 [r=0 c=1 rs=1 cs=1]
                RenderText {#text} at (1,1) size 89x17
                  text run at (1,1) width 89: "form element"
              RenderTableCell {TH} at (657,2) size 62x19 [r=0 c=2 rs=1 cs=1]
                RenderText {#text} at (1,1) size 60x17
                  text run at (1,1) width 60: "property"
              RenderTableCell {TH} at (721,2) size 61x19 [r=0 c=3 rs=1 cs=1]
                RenderText {#text} at (1,1) size 59x17
                  text run at (1,1) width 59: "attribute"
          RenderTableSection {TBODY} at (0,23) size 784x409
            RenderTableRow {TR} at (0,0) size 784x27
              RenderTableCell {TD} at (2,4) size 339x19 [r=0 c=0 rs=1 cs=1]
                RenderText {#text} at (1,1) size 207x17
                  text run at (1,1) width 207: "text with value property changed"
              RenderTableCell {TD} at (343,-1) size 312x29 [r=0 c=1 rs=1 cs=1]
                RenderTextControl {INPUT} at (3,3) size 191x23 [bgcolor=#FFFFFF] [border: (2px inset #000000)]
              RenderTableCell {TD} at (657,4) size 62x19 [r=0 c=2 rs=1 cs=1]
                RenderText {#text} at (1,1) size 28x17
                  text run at (1,1) width 28: "after"
              RenderTableCell {TD} at (721,4) size 61x19 [r=0 c=3 rs=1 cs=1]
                RenderText {#text} at (1,1) size 40x17
                  text run at (1,1) width 40: "before"
            RenderTableRow {TR} at (0,29) size 784x27
              RenderTableCell {TD} at (2,33) size 339x19 [r=1 c=0 rs=1 cs=1]
                RenderText {#text} at (1,1) size 244x17
                  text run at (1,1) width 244: "password with value property changed"
              RenderTableCell {TD} at (343,28) size 312x29 [r=1 c=1 rs=1 cs=1]
                RenderTextControl {INPUT} at (3,3) size 191x23 [bgcolor=#FFFFFF] [border: (2px inset #000000)]
              RenderTableCell {TD} at (657,33) size 62x19 [r=1 c=2 rs=1 cs=1]
                RenderText {#text} at (1,1) size 28x17
                  text run at (1,1) width 28: "after"
              RenderTableCell {TD} at (721,33) size 61x19 [r=1 c=3 rs=1 cs=1]
                RenderText {#text} at (1,1) size 40x17
                  text run at (1,1) width 40: "before"
            RenderTableRow {TR} at (0,58) size 784x22
              RenderTableCell {TD} at (2,59) size 339x19 [r=2 c=0 rs=1 cs=1]
                RenderText {#text} at (1,1) size 249x17
                  text run at (1,1) width 249: "check box with value property changed"
              RenderTableCell {TD} at (343,57) size 312x24 [r=2 c=1 rs=1 cs=1]
                RenderBlock {INPUT} at (5,4) size 17x16
              RenderTableCell {TD} at (657,59) size 62x19 [r=2 c=2 rs=1 cs=1]
                RenderText {#text} at (1,1) size 28x17
                  text run at (1,1) width 28: "after"
              RenderTableCell {TD} at (721,59) size 61x19 [r=2 c=3 rs=1 cs=1]
                RenderText {#text} at (1,1) size 28x17
                  text run at (1,1) width 28: "after"
            RenderTableRow {TR} at (0,82) size 784x17
              RenderTableCell {TD} at (2,81) size 339x19 [r=3 c=0 rs=1 cs=1]
                RenderText {#text} at (1,1) size 227x17
                  text run at (1,1) width 227: "hidden with value property changed"
              RenderTableCell {TD} at (343,89) size 312x2 [r=3 c=1 rs=1 cs=1]
              RenderTableCell {TD} at (657,81) size 62x19 [r=3 c=2 rs=1 cs=1]
                RenderText {#text} at (1,1) size 28x17
                  text run at (1,1) width 28: "after"
              RenderTableCell {TD} at (721,81) size 61x19 [r=3 c=3 rs=1 cs=1]
                RenderText {#text} at (1,1) size 28x17
                  text run at (1,1) width 28: "after"
            RenderTableRow {TR} at (0,101) size 784x30
              RenderTableCell {TD} at (2,106) size 339x19 [r=4 c=0 rs=1 cs=1]
                RenderText {#text} at (1,1) size 224x17
                  text run at (1,1) width 224: "button with value property changed"
              RenderTableCell {TD} at (343,100) size 312x32 [r=4 c=1 rs=1 cs=1]
                RenderButton {INPUT} at (3,3) size 47x26 [bgcolor=#C0C0C0] [border: (2px outset #C0C0C0)]
                  RenderBlock (anonymous) at (8,4) size 31x17
                    RenderText at (0,0) size 31x17
                      text run at (0,0) width 31: "after"
              RenderTableCell {TD} at (657,106) size 62x19 [r=4 c=2 rs=1 cs=1]
                RenderText {#text} at (1,1) size 28x17
                  text run at (1,1) width 28: "after"
              RenderTableCell {TD} at (721,106) size 61x19 [r=4 c=3 rs=1 cs=1]
                RenderText {#text} at (1,1) size 28x17
                  text run at (1,1) width 28: "after"
            RenderTableRow {TR} at (0,133) size 784x21
              RenderTableCell {TD} at (2,134) size 339x19 [r=5 c=0 rs=1 cs=1]
                RenderText {#text} at (1,1) size 222x17
                  text run at (1,1) width 222: "image with value property changed"
              RenderTableCell {TD} at (343,132) size 312x23 [r=5 c=1 rs=1 cs=1]
                RenderImage {INPUT} at (1,1) size 49x21
              RenderTableCell {TD} at (657,134) size 62x19 [r=5 c=2 rs=1 cs=1]
                RenderText {#text} at (1,1) size 28x17
                  text run at (1,1) width 28: "after"
              RenderTableCell {TD} at (721,134) size 61x19 [r=5 c=3 rs=1 cs=1]
                RenderText {#text} at (1,1) size 28x17
                  text run at (1,1) width 28: "after"
            RenderTableRow {TR} at (0,156) size 784x22
              RenderTableCell {TD} at (2,157) size 339x19 [r=6 c=0 rs=1 cs=1]
                RenderText {#text} at (1,1) size 216x17
                  text run at (1,1) width 216: "radio with value property changed"
              RenderTableCell {TD} at (343,155) size 312x24 [r=6 c=1 rs=1 cs=1]
                RenderBlock {INPUT} at (5,4) size 17x16
              RenderTableCell {TD} at (657,157) size 62x19 [r=6 c=2 rs=1 cs=1]
                RenderText {#text} at (1,1) size 28x17
                  text run at (1,1) width 28: "after"
              RenderTableCell {TD} at (721,157) size 61x19 [r=6 c=3 rs=1 cs=1]
                RenderText {#text} at (1,1) size 28x17
                  text run at (1,1) width 28: "after"
            RenderTableRow {TR} at (0,180) size 784x27
              RenderTableCell {TD} at (2,184) size 339x19 [r=7 c=0 rs=1 cs=1]
                RenderText {#text} at (1,1) size 205x17
                  text run at (1,1) width 205: "text with value attribute changed"
              RenderTableCell {TD} at (343,179) size 312x29 [r=7 c=1 rs=1 cs=1]
                RenderTextControl {INPUT} at (3,3) size 191x23 [bgcolor=#FFFFFF] [border: (2px inset #000000)]
              RenderTableCell {TD} at (657,184) size 62x19 [r=7 c=2 rs=1 cs=1]
                RenderText {#text} at (1,1) size 28x17
                  text run at (1,1) width 28: "after"
              RenderTableCell {TD} at (721,184) size 61x19 [r=7 c=3 rs=1 cs=1]
                RenderText {#text} at (1,1) size 28x17
                  text run at (1,1) width 28: "after"
            RenderTableRow {TR} at (0,209) size 784x22
              RenderTableCell {TD} at (2,210) size 339x19 [r=8 c=0 rs=1 cs=1]
                RenderText {#text} at (1,1) size 247x17
                  text run at (1,1) width 247: "check box with value attribute changed"
              RenderTableCell {TD} at (343,208) size 312x24 [r=8 c=1 rs=1 cs=1]
                RenderBlock {INPUT} at (5,4) size 17x16
              RenderTableCell {TD} at (657,210) size 62x19 [r=8 c=2 rs=1 cs=1]
                RenderText {#text} at (1,1) size 28x17
                  text run at (1,1) width 28: "after"
              RenderTableCell {TD} at (721,210) size 61x19 [r=8 c=3 rs=1 cs=1]
                RenderText {#text} at (1,1) size 28x17
                  text run at (1,1) width 28: "after"
            RenderTableRow {TR} at (0,233) size 784x34
              RenderTableCell {TD} at (2,232) size 339x36 [r=9 c=0 rs=1 cs=1]
                RenderText {#text} at (1,1) size 314x34
                  text run at (1,1) width 314: "text with value property changed, then turned into"
                  text run at (1,18) width 65: "check box"
              RenderTableCell {TD} at (343,238) size 312x24 [r=9 c=1 rs=1 cs=1]
                RenderBlock {INPUT} at (5,4) size 17x16
              RenderTableCell {TD} at (657,240) size 62x19 [r=9 c=2 rs=1 cs=1]
                RenderText {#text} at (1,1) size 28x17
                  text run at (1,1) width 28: "after"
              RenderTableCell {TD} at (721,240) size 61x19 [r=9 c=3 rs=1 cs=1]
                RenderText {#text} at (1,1) size 28x17
                  text run at (1,1) width 28: "after"
            RenderTableRow {TR} at (0,269) size 784x34
              RenderTableCell {TD} at (2,268) size 339x36 [r=10 c=0 rs=1 cs=1]
                RenderText {#text} at (1,1) size 328x34
                  text run at (1,1) width 328: "check box with value property changed, then turned"
                  text run at (1,18) width 51: "into text"
              RenderTableCell {TD} at (343,271) size 312x29 [r=10 c=1 rs=1 cs=1]
                RenderTextControl {INPUT} at (3,3) size 191x23 [bgcolor=#FFFFFF] [border: (2px inset #000000)]
              RenderTableCell {TD} at (657,276) size 62x19 [r=10 c=2 rs=1 cs=1]
                RenderText {#text} at (1,1) size 28x17
                  text run at (1,1) width 28: "after"
              RenderTableCell {TD} at (721,276) size 61x19 [r=10 c=3 rs=1 cs=1]
                RenderText {#text} at (1,1) size 28x17
                  text run at (1,1) width 28: "after"
            RenderTableRow {TR} at (0,305) size 784x34
              RenderTableCell {TD} at (2,304) size 339x36 [r=11 c=0 rs=1 cs=1]
                RenderText {#text} at (1,1) size 312x34
                  text run at (1,1) width 312: "text with value attribute changed, then turned into"
                  text run at (1,18) width 65: "check box"
              RenderTableCell {TD} at (343,310) size 312x24 [r=11 c=1 rs=1 cs=1]
                RenderBlock {INPUT} at (5,4) size 17x16
              RenderTableCell {TD} at (657,312) size 62x19 [r=11 c=2 rs=1 cs=1]
                RenderText {#text} at (1,1) size 28x17
                  text run at (1,1) width 28: "after"
              RenderTableCell {TD} at (721,312) size 61x19 [r=11 c=3 rs=1 cs=1]
                RenderText {#text} at (1,1) size 28x17
                  text run at (1,1) width 28: "after"
            RenderTableRow {TR} at (0,341) size 784x34
              RenderTableCell {TD} at (2,340) size 339x36 [r=12 c=0 rs=1 cs=1]
                RenderText {#text} at (1,1) size 326x34
                  text run at (1,1) width 326: "check box with value attribute changed, then turned"
                  text run at (1,18) width 51: "into text"
              RenderTableCell {TD} at (343,343) size 312x29 [r=12 c=1 rs=1 cs=1]
                RenderTextControl {INPUT} at (3,3) size 191x23 [bgcolor=#FFFFFF] [border: (2px inset #000000)]
              RenderTableCell {TD} at (657,348) size 62x19 [r=12 c=2 rs=1 cs=1]
                RenderText {#text} at (1,1) size 28x17
                  text run at (1,1) width 28: "after"
              RenderTableCell {TD} at (721,348) size 61x19 [r=12 c=3 rs=1 cs=1]
                RenderText {#text} at (1,1) size 28x17
                  text run at (1,1) width 28: "after"
            RenderTableRow {TR} at (0,377) size 784x30
              RenderTableCell {TD} at (2,382) size 339x19 [r=13 c=0 rs=1 cs=1]
                RenderText {#text} at (1,1) size 204x17
                  text run at (1,1) width 204: "file with value property changed"
              RenderTableCell {TD} at (343,376) size 312x32 [r=13 c=1 rs=1 cs=1]
                RenderFileUploadControl {INPUT} at (3,3) size 306x26 "(None)"
                  RenderButton {INPUT} at (0,0) size 103x26 [bgcolor=#C0C0C0] [border: (2px outset #C0C0C0)]
                    RenderBlock (anonymous) at (8,4) size 87x17
                      RenderText at (0,0) size 87x17
                        text run at (0,0) width 87: "Choose File"
              RenderTableCell {TD} at (657,391) size 62x2 [r=13 c=2 rs=1 cs=1]
              RenderTableCell {TD} at (721,382) size 61x19 [r=13 c=3 rs=1 cs=1]
                RenderText {#text} at (1,1) size 40x17
                  text run at (1,1) width 40: "before"
layer at (357,129) size 185x17
  RenderBlock {DIV} at (3,3) size 185x17
    RenderText {#text} at (0,0) size 45x17
      text run at (0,0) width 45: "before"
layer at (357,158) size 185x17
  RenderBlock {DIV} at (3,3) size 185x17
    RenderText {#text} at (0,0) size 36x17
      text run at (0,0) width 36: "\x{2022}\x{2022}\x{2022}\x{2022}\x{2022}\x{2022}"
layer at (357,309) size 185x17
  RenderBlock {DIV} at (3,3) size 185x17
    RenderText {#text} at (0,0) size 31x17
      text run at (0,0) width 31: "after"
layer at (357,401) size 185x17
  RenderBlock {DIV} at (3,3) size 185x17
    RenderText {#text} at (0,0) size 31x17
      text run at (0,0) width 31: "after"
layer at (357,473) size 185x17
  RenderBlock {DIV} at (3,3) size 185x17
    RenderText {#text} at (0,0) size 31x17
      text run at (0,0) width 31: "after"
