layer at (0,0) size 800x600
  RenderView at (0,0) size 800x600
layer at (0,0) size 800x193
  RenderBlock {HTML} at (0,0) size 800x193
    RenderBody {BODY} at (8,16) size 784x161
      RenderBlock {P} at (0,0) size 784x18 [color=#000080]
        RenderText {#text} at (0,0) size 263x17
          text run at (0,0) width 263: "The word \"fail\" should not appear below."
      RenderBlock {DIV} at (16,34) size 240x127 [color=#FFFFFF] [bgcolor=#FFFFFF]
        RenderBlock (floating) {P} at (0,0) size 44x19 [color=#000080]
          RenderText {#text} at (0,0) size 44x18
            text run at (0,0) width 44: "TEST:"
        RenderBlock (floating) {P} at (0,18) size 240x19 [color=#00FFFF] [bgcolor=#008080]
          RenderText {#text} at (100,0) size 40x18
            text run at (100,0) width 40: "PASS"
        RenderText {#text} at (43,0) size 236x126
          text run at (43,0) width 188: "fail fail fail fail fail fail fail fail"
          text run at (0,37) width 48: "fail fail "
          text run at (48,37) width 188: "fail fail fail fail fail fail fail fail"
          text run at (0,55) width 48: "fail fail "
          text run at (48,55) width 188: "fail fail fail fail fail fail fail fail"
          text run at (0,73) width 48: "fail fail "
          text run at (48,73) width 188: "fail fail fail fail fail fail fail fail"
          text run at (0,91) width 48: "fail fail "
          text run at (48,91) width 188: "fail fail fail fail fail fail fail fail"
          text run at (0,109) width 44: "fail fail"
