layer at (0,0) size 800x600
  RenderView at (0,0) size 800x600
layer at (0,0) size 800x185
  RenderBlock {HTML} at (0,0) size 800x185
    RenderBody {BODY} at (8,16) size 784x153
      RenderBlock {P} at (0,0) size 784x17 [color=#000080]
        RenderText {#text} at (0,0) size 263x17
          text run at (0,0) width 263: "The word \"fail\" should not appear below."
      RenderBlock {DIV} at (16,33) size 240x120 [color=#FFFFFF] [bgcolor=#FFFFFF]
        RenderBlock (floating) {P} at (0,0) size 44x18 [color=#000080]
          RenderText {#text} at (0,0) size 44x18
            text run at (0,0) width 44: "TEST:"
        RenderBlock (floating) {P} at (0,17) size 240x18 [color=#00FFFF] [bgcolor=#008080]
          RenderText {#text} at (100,0) size 40x18
            text run at (100,0) width 40: "PASS"
        RenderText {#text} at (43,0) size 236x120
          text run at (43,0) width 188: "fail fail fail fail fail fail fail fail"
          text run at (0,35) width 48: "fail fail "
          text run at (48,35) width 188: "fail fail fail fail fail fail fail fail"
          text run at (0,52) width 48: "fail fail "
          text run at (48,52) width 188: "fail fail fail fail fail fail fail fail"
          text run at (0,69) width 48: "fail fail "
          text run at (48,69) width 188: "fail fail fail fail fail fail fail fail"
          text run at (0,86) width 48: "fail fail "
          text run at (48,86) width 188: "fail fail fail fail fail fail fail fail"
          text run at (0,103) width 44: "fail fail"
